/l/users/fathinah.izzati/Synchformer/output/rgb_emb_tnj_test/segment_001_25fps_256side_16000hz_emb.npy
/l/users/fathinah.izzati/Synchformer/output/rgb_emb_tnj_test/segment_002_25fps_256side_16000hz_emb.npy
/l/users/fathinah.izzati/Synchformer/output/rgb_emb_tnj_test/segment_003_25fps_256side_16000hz_emb.npy
/l/users/fathinah.izzati/Synchformer/output/rgb_emb_tnj_test/segment_004_25fps_256side_16000hz_emb.npy
/l/users/fathinah.izzati/Synchformer/output/rgb_emb_tnj_test/segment_005_25fps_256side_16000hz_emb.npy
/l/users/fathinah.izzati/Synchformer/output/rgb_emb_tnj_test/segment_001_25fps_256side_16000hz_emb.npy
/l/users/fathinah.izzati/Synchformer/output/rgb_emb_tnj_test/segment_002_25fps_256side_16000hz_emb.npy
/l/users/fathinah.izzati/Synchformer/output/rgb_emb_tnj_test/segment_003_25fps_256side_16000hz_emb.npy
/l/users/fathinah.izzati/Synchformer/output/rgb_emb_tnj_test/segment_004_25fps_256side_16000hz_emb.npy
/l/users/fathinah.izzati/Synchformer/output/rgb_emb_tnj_test/segment_005_25fps_256side_16000hz_emb.npy
/l/users/fathinah.izzati/Synchformer/output/rgb_emb_tnj_test/segment_001_25fps_256side_16000hz_emb.npy
/l/users/fathinah.izzati/Synchformer/output/rgb_emb_tnj_test/segment_002_25fps_256side_16000hz_emb.npy
/l/users/fathinah.izzati/Synchformer/output/rgb_emb_tnj_test/segment_003_25fps_256side_16000hz_emb.npy
/l/users/fathinah.izzati/Synchformer/output/rgb_emb_tnj_test/segment_004_25fps_256side_16000hz_emb.npy
/l/users/fathinah.izzati/Synchformer/output/rgb_emb_tnj_test/segment_005_25fps_256side_16000hz_emb.npy
/l/users/fathinah.izzati/Synchformer/output/rgb_emb_tnj_test/segment_001_25fps_256side_16000hz_emb.npy
/l/users/fathinah.izzati/Synchformer/output/rgb_emb_tnj_test/segment_002_25fps_256side_16000hz_emb.npy
/l/users/fathinah.izzati/Synchformer/output/rgb_emb_tnj_test/segment_003_25fps_256side_16000hz_emb.npy
/l/users/fathinah.izzati/Synchformer/output/rgb_emb_tnj_test/segment_004_25fps_256side_16000hz_emb.npy
/l/users/fathinah.izzati/Synchformer/output/rgb_emb_tnj_test/segment_005_25fps_256side_16000hz_emb.npy
/l/users/fathinah.izzati/Synchformer/output/rgb_emb_tnj_test/segment_001_25fps_256side_16000hz_emb.npy
/l/users/fathinah.izzati/Synchformer/output/rgb_emb_tnj_test/segment_002_25fps_256side_16000hz_emb.npy
/l/users/fathinah.izzati/Synchformer/output/rgb_emb_tnj_test/segment_003_25fps_256side_16000hz_emb.npy
/l/users/fathinah.izzati/Synchformer/output/rgb_emb_tnj_test/segment_004_25fps_256side_16000hz_emb.npy
/l/users/fathinah.izzati/Synchformer/output/rgb_emb_tnj_test/segment_005_25fps_256side_16000hz_emb.npy
/l/users/fathinah.izzati/Synchformer/output/rgb_emb_tnj_test/segment_001_25fps_256side_16000hz_emb.npy
/l/users/fathinah.izzati/Synchformer/output/rgb_emb_tnj_test/segment_002_25fps_256side_16000hz_emb.npy
/l/users/fathinah.izzati/Synchformer/output/rgb_emb_tnj_test/segment_003_25fps_256side_16000hz_emb.npy
/l/users/fathinah.izzati/Synchformer/output/rgb_emb_tnj_test/segment_004_25fps_256side_16000hz_emb.npy
/l/users/fathinah.izzati/Synchformer/output/rgb_emb_tnj_test/segment_005_25fps_256side_16000hz_emb.npy
/l/users/fathinah.izzati/Synchformer/output/rgb_emb_tnj_test/segment_001_25fps_256side_16000hz_emb.npy
/l/users/fathinah.izzati/Synchformer/output/rgb_emb_tnj_test/segment_002_25fps_256side_16000hz_emb.npy
/l/users/fathinah.izzati/Synchformer/output/rgb_emb_tnj_test/segment_003_25fps_256side_16000hz_emb.npy
/l/users/fathinah.izzati/Synchformer/output/rgb_emb_tnj_test/segment_004_25fps_256side_16000hz_emb.npy
/l/users/fathinah.izzati/Synchformer/output/rgb_emb_tnj_test/segment_005_25fps_256side_16000hz_emb.npy
/l/users/fathinah.izzati/Synchformer/output/rgb_emb_tnj_test/segment_001_25fps_256side_16000hz_emb.npy
/l/users/fathinah.izzati/Synchformer/output/rgb_emb_tnj_test/segment_002_25fps_256side_16000hz_emb.npy
/l/users/fathinah.izzati/Synchformer/output/rgb_emb_tnj_test/segment_003_25fps_256side_16000hz_emb.npy
/l/users/fathinah.izzati/Synchformer/output/rgb_emb_tnj_test/segment_004_25fps_256side_16000hz_emb.npy
/l/users/fathinah.izzati/Synchformer/output/rgb_emb_tnj_test/segment_005_25fps_256side_16000hz_emb.npy
/l/users/fathinah.izzati/Synchformer/output/rgb_emb_tnj_test/segment_001_25fps_256side_16000hz_emb.npy
/l/users/fathinah.izzati/Synchformer/output/rgb_emb_tnj_test/segment_002_25fps_256side_16000hz_emb.npy
/l/users/fathinah.izzati/Synchformer/output/rgb_emb_tnj_test/segment_003_25fps_256side_16000hz_emb.npy
/l/users/fathinah.izzati/Synchformer/output/rgb_emb_tnj_test/segment_004_25fps_256side_16000hz_emb.npy
/l/users/fathinah.izzati/Synchformer/output/rgb_emb_tnj_test/segment_005_25fps_256side_16000hz_emb.npy
/l/users/fathinah.izzati/Synchformer/output/rgb_emb_tnj_test/segment_001_25fps_256side_16000hz_emb.npy
/l/users/fathinah.izzati/Synchformer/output/rgb_emb_tnj_test/segment_002_25fps_256side_16000hz_emb.npy
/l/users/fathinah.izzati/Synchformer/output/rgb_emb_tnj_test/segment_003_25fps_256side_16000hz_emb.npy
/l/users/fathinah.izzati/Synchformer/output/rgb_emb_tnj_test/segment_004_25fps_256side_16000hz_emb.npy
/l/users/fathinah.izzati/Synchformer/output/rgb_emb_tnj_test/segment_005_25fps_256side_16000hz_emb.npy
/l/users/fathinah.izzati/Synchformer/output/rgb_emb_tnj_test/segment_001_25fps_256side_16000hz_emb.npy
/l/users/fathinah.izzati/Synchformer/output/rgb_emb_tnj_test/segment_002_25fps_256side_16000hz_emb.npy
/l/users/fathinah.izzati/Synchformer/output/rgb_emb_tnj_test/segment_003_25fps_256side_16000hz_emb.npy
/l/users/fathinah.izzati/Synchformer/output/rgb_emb_tnj_test/segment_004_25fps_256side_16000hz_emb.npy
/l/users/fathinah.izzati/Synchformer/output/rgb_emb_tnj_test/segment_005_25fps_256side_16000hz_emb.npy
/l/users/fathinah.izzati/Synchformer/output/rgb_emb_tnj_test/segment_001_25fps_256side_16000hz_emb.npy
/l/users/fathinah.izzati/Synchformer/output/rgb_emb_tnj_test/segment_002_25fps_256side_16000hz_emb.npy
/l/users/fathinah.izzati/Synchformer/output/rgb_emb_tnj_test/segment_003_25fps_256side_16000hz_emb.npy
/l/users/fathinah.izzati/Synchformer/output/rgb_emb_tnj_test/segment_004_25fps_256side_16000hz_emb.npy
/l/users/fathinah.izzati/Synchformer/output/rgb_emb_tnj_test/segment_005_25fps_256side_16000hz_emb.npy
