/l/users/fathinah.izzati/coco-mulla-repo/demo/training_input/tom_and_jerry_test/segment_001 0 10
/l/users/fathinah.izzati/coco-mulla-repo/demo/training_input/tom_and_jerry_test/segment_002 0 10
/l/users/fathinah.izzati/coco-mulla-repo/demo/training_input/tom_and_jerry_test/segment_003 0 10
/l/users/fathinah.izzati/coco-mulla-repo/demo/training_input/tom_and_jerry_test/segment_004 0 10
/l/users/fathinah.izzati/coco-mulla-repo/demo/training_input/tom_and_jerry_test/segment_005 0 10
/l/users/fathinah.izzati/coco-mulla-repo/demo/training_input/tom_and_jerry_test/segment_006 0 10
/l/users/fathinah.izzati/coco-mulla-repo/demo/training_input/tom_and_jerry_test/segment_007 0 10
/l/users/fathinah.izzati/coco-mulla-repo/demo/training_input/tom_and_jerry_test/segment_008 0 10
/l/users/fathinah.izzati/coco-mulla-repo/demo/training_input/tom_and_jerry_test/segment_009 0 10
/l/users/fathinah.izzati/coco-mulla-repo/demo/training_input/tom_and_jerry_test/segment_010 0 10
/l/users/fathinah.izzati/coco-mulla-repo/demo/training_input/tom_and_jerry_test/segment_011 0 10
/l/users/fathinah.izzati/coco-mulla-repo/demo/training_input/tom_and_jerry_test/segment_012 0 10
/l/users/fathinah.izzati/coco-mulla-repo/demo/training_input/tom_and_jerry_test/segment_013 0 10
/l/users/fathinah.izzati/coco-mulla-repo/demo/training_input/tom_and_jerry_test/segment_014 0 10
/l/users/fathinah.izzati/coco-mulla-repo/demo/training_input/tom_and_jerry_test/segment_015 0 10
/l/users/fathinah.izzati/coco-mulla-repo/demo/training_input/tom_and_jerry_test/segment_016 0 10
/l/users/fathinah.izzati/coco-mulla-repo/demo/training_input/tom_and_jerry_test/segment_017 0 10
/l/users/fathinah.izzati/coco-mulla-repo/demo/training_input/tom_and_jerry_test/segment_018 0 10
/l/users/fathinah.izzati/coco-mulla-repo/demo/training_input/tom_and_jerry_test/segment_019 0 10
/l/users/fathinah.izzati/coco-mulla-repo/demo/training_input/tom_and_jerry_test/segment_020 0 10
/l/users/fathinah.izzati/coco-mulla-repo/demo/training_input/tom_and_jerry_test/segment_021 0 10
/l/users/fathinah.izzati/coco-mulla-repo/demo/training_input/tom_and_jerry_test/segment_022 0 10
/l/users/fathinah.izzati/coco-mulla-repo/demo/training_input/tom_and_jerry_test/segment_023 0 10
/l/users/fathinah.izzati/coco-mulla-repo/demo/training_input/tom_and_jerry_test/segment_024 0 10
/l/users/fathinah.izzati/coco-mulla-repo/demo/training_input/tom_and_jerry_test/segment_025 0 10
/l/users/fathinah.izzati/coco-mulla-repo/demo/training_input/tom_and_jerry_test/segment_026 0 10
/l/users/fathinah.izzati/coco-mulla-repo/demo/training_input/tom_and_jerry_test/segment_027 0 10
/l/users/fathinah.izzati/coco-mulla-repo/demo/training_input/tom_and_jerry_test/segment_028 0 10
/l/users/fathinah.izzati/coco-mulla-repo/demo/training_input/tom_and_jerry_test/segment_029 0 10
