/l/users/fathinah.izzati/coco-mulla-repo/demo/training_input/tom_and_jerry_train/segment_001 0 10
/l/users/fathinah.izzati/coco-mulla-repo/demo/training_input/tom_and_jerry_train/segment_002 0 10
/l/users/fathinah.izzati/coco-mulla-repo/demo/training_input/tom_and_jerry_train/segment_003 0 10
/l/users/fathinah.izzati/coco-mulla-repo/demo/training_input/tom_and_jerry_train/segment_004 0 10
/l/users/fathinah.izzati/coco-mulla-repo/demo/training_input/tom_and_jerry_train/segment_005 0 10
/l/users/fathinah.izzati/coco-mulla-repo/demo/training_input/tom_and_jerry_train/segment_006 0 10
/l/users/fathinah.izzati/coco-mulla-repo/demo/training_input/tom_and_jerry_train/segment_007 0 10
/l/users/fathinah.izzati/coco-mulla-repo/demo/training_input/tom_and_jerry_train/segment_008 0 10
/l/users/fathinah.izzati/coco-mulla-repo/demo/training_input/tom_and_jerry_train/segment_009 0 10
/l/users/fathinah.izzati/coco-mulla-repo/demo/training_input/tom_and_jerry_train/segment_010 0 10
/l/users/fathinah.izzati/coco-mulla-repo/demo/training_input/tom_and_jerry_train/segment_011 0 10
/l/users/fathinah.izzati/coco-mulla-repo/demo/training_input/tom_and_jerry_train/segment_012 0 10
/l/users/fathinah.izzati/coco-mulla-repo/demo/training_input/tom_and_jerry_train/segment_013 0 10
/l/users/fathinah.izzati/coco-mulla-repo/demo/training_input/tom_and_jerry_train/segment_014 0 10
/l/users/fathinah.izzati/coco-mulla-repo/demo/training_input/tom_and_jerry_train/segment_015 0 10
/l/users/fathinah.izzati/coco-mulla-repo/demo/training_input/tom_and_jerry_train/segment_016 0 10
/l/users/fathinah.izzati/coco-mulla-repo/demo/training_input/tom_and_jerry_train/segment_017 0 10
/l/users/fathinah.izzati/coco-mulla-repo/demo/training_input/tom_and_jerry_train/segment_018 0 10
/l/users/fathinah.izzati/coco-mulla-repo/demo/training_input/tom_and_jerry_train/segment_019 0 10
/l/users/fathinah.izzati/coco-mulla-repo/demo/training_input/tom_and_jerry_train/segment_020 0 10
/l/users/fathinah.izzati/coco-mulla-repo/demo/training_input/tom_and_jerry_train/segment_021 0 10
/l/users/fathinah.izzati/coco-mulla-repo/demo/training_input/tom_and_jerry_train/segment_022 0 10
/l/users/fathinah.izzati/coco-mulla-repo/demo/training_input/tom_and_jerry_train/segment_023 0 10
/l/users/fathinah.izzati/coco-mulla-repo/demo/training_input/tom_and_jerry_train/segment_024 0 10
/l/users/fathinah.izzati/coco-mulla-repo/demo/training_input/tom_and_jerry_train/segment_025 0 10
/l/users/fathinah.izzati/coco-mulla-repo/demo/training_input/tom_and_jerry_train/segment_026 0 10
/l/users/fathinah.izzati/coco-mulla-repo/demo/training_input/tom_and_jerry_train/segment_027 0 10
/l/users/fathinah.izzati/coco-mulla-repo/demo/training_input/tom_and_jerry_train/segment_028 0 10
/l/users/fathinah.izzati/coco-mulla-repo/demo/training_input/tom_and_jerry_train/segment_029 0 10
/l/users/fathinah.izzati/coco-mulla-repo/demo/training_input/tom_and_jerry_train/segment_030 0 10
/l/users/fathinah.izzati/coco-mulla-repo/demo/training_input/tom_and_jerry_train/segment_031 0 10
/l/users/fathinah.izzati/coco-mulla-repo/demo/training_input/tom_and_jerry_train/segment_032 0 10
/l/users/fathinah.izzati/coco-mulla-repo/demo/training_input/tom_and_jerry_train/segment_033 0 10
/l/users/fathinah.izzati/coco-mulla-repo/demo/training_input/tom_and_jerry_train/segment_034 0 10
/l/users/fathinah.izzati/coco-mulla-repo/demo/training_input/tom_and_jerry_train/segment_035 0 10
/l/users/fathinah.izzati/coco-mulla-repo/demo/training_input/tom_and_jerry_train/segment_036 0 10
/l/users/fathinah.izzati/coco-mulla-repo/demo/training_input/tom_and_jerry_train/segment_037 0 10
/l/users/fathinah.izzati/coco-mulla-repo/demo/training_input/tom_and_jerry_train/segment_038 0 10
/l/users/fathinah.izzati/coco-mulla-repo/demo/training_input/tom_and_jerry_train/segment_039 0 10
/l/users/fathinah.izzati/coco-mulla-repo/demo/training_input/tom_and_jerry_train/segment_040 0 10
/l/users/fathinah.izzati/coco-mulla-repo/demo/training_input/tom_and_jerry_train/segment_041 0 10
/l/users/fathinah.izzati/coco-mulla-repo/demo/training_input/tom_and_jerry_train/segment_042 0 10
/l/users/fathinah.izzati/coco-mulla-repo/demo/training_input/tom_and_jerry_train/segment_043 0 10
/l/users/fathinah.izzati/coco-mulla-repo/demo/training_input/tom_and_jerry_train/segment_044 0 10
/l/users/fathinah.izzati/coco-mulla-repo/demo/training_input/tom_and_jerry_train/segment_045 0 10
/l/users/fathinah.izzati/coco-mulla-repo/demo/training_input/tom_and_jerry_train/segment_046 0 10
/l/users/fathinah.izzati/coco-mulla-repo/demo/training_input/tom_and_jerry_train/segment_047 0 10
/l/users/fathinah.izzati/coco-mulla-repo/demo/training_input/tom_and_jerry_train/segment_048 0 10
/l/users/fathinah.izzati/coco-mulla-repo/demo/training_input/tom_and_jerry_train/segment_049 0 10
/l/users/fathinah.izzati/coco-mulla-repo/demo/training_input/tom_and_jerry_train/segment_050 0 10
/l/users/fathinah.izzati/coco-mulla-repo/demo/training_input/tom_and_jerry_train/segment_051 0 10
/l/users/fathinah.izzati/coco-mulla-repo/demo/training_input/tom_and_jerry_train/segment_052 0 10
/l/users/fathinah.izzati/coco-mulla-repo/demo/training_input/tom_and_jerry_train/segment_053 0 10
/l/users/fathinah.izzati/coco-mulla-repo/demo/training_input/tom_and_jerry_train/segment_054 0 10
/l/users/fathinah.izzati/coco-mulla-repo/demo/training_input/tom_and_jerry_train/segment_055 0 10
/l/users/fathinah.izzati/coco-mulla-repo/demo/training_input/tom_and_jerry_train/segment_056 0 10
/l/users/fathinah.izzati/coco-mulla-repo/demo/training_input/tom_and_jerry_train/segment_057 0 10
/l/users/fathinah.izzati/coco-mulla-repo/demo/training_input/tom_and_jerry_train/segment_058 0 10
/l/users/fathinah.izzati/coco-mulla-repo/demo/training_input/tom_and_jerry_train/segment_059 0 10
/l/users/fathinah.izzati/coco-mulla-repo/demo/training_input/tom_and_jerry_train/segment_060 0 10
/l/users/fathinah.izzati/coco-mulla-repo/demo/training_input/tom_and_jerry_train/segment_061 0 10
/l/users/fathinah.izzati/coco-mulla-repo/demo/training_input/tom_and_jerry_train/segment_062 0 10
/l/users/fathinah.izzati/coco-mulla-repo/demo/training_input/tom_and_jerry_train/segment_063 0 10
/l/users/fathinah.izzati/coco-mulla-repo/demo/training_input/tom_and_jerry_train/segment_064 0 10
/l/users/fathinah.izzati/coco-mulla-repo/demo/training_input/tom_and_jerry_train/segment_065 0 10
/l/users/fathinah.izzati/coco-mulla-repo/demo/training_input/tom_and_jerry_train/segment_066 0 10
/l/users/fathinah.izzati/coco-mulla-repo/demo/training_input/tom_and_jerry_train/segment_067 0 10
/l/users/fathinah.izzati/coco-mulla-repo/demo/training_input/tom_and_jerry_train/segment_068 0 10
/l/users/fathinah.izzati/coco-mulla-repo/demo/training_input/tom_and_jerry_train/segment_069 0 10
/l/users/fathinah.izzati/coco-mulla-repo/demo/training_input/tom_and_jerry_train/segment_070 0 10
/l/users/fathinah.izzati/coco-mulla-repo/demo/training_input/tom_and_jerry_train/segment_071 0 10
/l/users/fathinah.izzati/coco-mulla-repo/demo/training_input/tom_and_jerry_train/segment_072 0 10
/l/users/fathinah.izzati/coco-mulla-repo/demo/training_input/tom_and_jerry_train/segment_073 0 10
/l/users/fathinah.izzati/coco-mulla-repo/demo/training_input/tom_and_jerry_train/segment_074 0 10
/l/users/fathinah.izzati/coco-mulla-repo/demo/training_input/tom_and_jerry_train/segment_075 0 10
/l/users/fathinah.izzati/coco-mulla-repo/demo/training_input/tom_and_jerry_train/segment_076 0 10
/l/users/fathinah.izzati/coco-mulla-repo/demo/training_input/tom_and_jerry_train/segment_077 0 10
/l/users/fathinah.izzati/coco-mulla-repo/demo/training_input/tom_and_jerry_train/segment_078 0 10
/l/users/fathinah.izzati/coco-mulla-repo/demo/training_input/tom_and_jerry_train/segment_079 0 10
/l/users/fathinah.izzati/coco-mulla-repo/demo/training_input/tom_and_jerry_train/segment_080 0 10
/l/users/fathinah.izzati/coco-mulla-repo/demo/training_input/tom_and_jerry_train/segment_081 0 10
/l/users/fathinah.izzati/coco-mulla-repo/demo/training_input/tom_and_jerry_train/segment_082 0 10
/l/users/fathinah.izzati/coco-mulla-repo/demo/training_input/tom_and_jerry_train/segment_083 0 10
/l/users/fathinah.izzati/coco-mulla-repo/demo/training_input/tom_and_jerry_train/segment_084 0 10
/l/users/fathinah.izzati/coco-mulla-repo/demo/training_input/tom_and_jerry_train/segment_085 0 10
/l/users/fathinah.izzati/coco-mulla-repo/demo/training_input/tom_and_jerry_train/segment_086 0 10
/l/users/fathinah.izzati/coco-mulla-repo/demo/training_input/tom_and_jerry_train/segment_087 0 10
/l/users/fathinah.izzati/coco-mulla-repo/demo/training_input/tom_and_jerry_train/segment_088 0 10
/l/users/fathinah.izzati/coco-mulla-repo/demo/training_input/tom_and_jerry_train/segment_089 0 10
/l/users/fathinah.izzati/coco-mulla-repo/demo/training_input/tom_and_jerry_train/segment_090 0 10
/l/users/fathinah.izzati/coco-mulla-repo/demo/training_input/tom_and_jerry_train/segment_091 0 10
/l/users/fathinah.izzati/coco-mulla-repo/demo/training_input/tom_and_jerry_train/segment_092 0 10
/l/users/fathinah.izzati/coco-mulla-repo/demo/training_input/tom_and_jerry_train/segment_093 0 10
/l/users/fathinah.izzati/coco-mulla-repo/demo/training_input/tom_and_jerry_train/segment_094 0 10
/l/users/fathinah.izzati/coco-mulla-repo/demo/training_input/tom_and_jerry_train/segment_095 0 10
/l/users/fathinah.izzati/coco-mulla-repo/demo/training_input/tom_and_jerry_train/segment_096 0 10
/l/users/fathinah.izzati/coco-mulla-repo/demo/training_input/tom_and_jerry_train/segment_097 0 10
/l/users/fathinah.izzati/coco-mulla-repo/demo/training_input/tom_and_jerry_train/segment_098 0 10
/l/users/fathinah.izzati/coco-mulla-repo/demo/training_input/tom_and_jerry_train/segment_099 0 10
/l/users/fathinah.izzati/coco-mulla-repo/demo/training_input/tom_and_jerry_train/segment_100 0 10
/l/users/fathinah.izzati/coco-mulla-repo/demo/training_input/tom_and_jerry_train/segment_101 0 10
/l/users/fathinah.izzati/coco-mulla-repo/demo/training_input/tom_and_jerry_train/segment_102 0 10
/l/users/fathinah.izzati/coco-mulla-repo/demo/training_input/tom_and_jerry_train/segment_103 0 10
/l/users/fathinah.izzati/coco-mulla-repo/demo/training_input/tom_and_jerry_train/segment_104 0 10
/l/users/fathinah.izzati/coco-mulla-repo/demo/training_input/tom_and_jerry_train/segment_105 0 10
/l/users/fathinah.izzati/coco-mulla-repo/demo/training_input/tom_and_jerry_train/segment_106 0 10
/l/users/fathinah.izzati/coco-mulla-repo/demo/training_input/tom_and_jerry_train/segment_107 0 10
/l/users/fathinah.izzati/coco-mulla-repo/demo/training_input/tom_and_jerry_train/segment_108 0 10
/l/users/fathinah.izzati/coco-mulla-repo/demo/training_input/tom_and_jerry_train/segment_109 0 10
/l/users/fathinah.izzati/coco-mulla-repo/demo/training_input/tom_and_jerry_train/segment_110 0 10
/l/users/fathinah.izzati/coco-mulla-repo/demo/training_input/tom_and_jerry_train/segment_111 0 10
/l/users/fathinah.izzati/coco-mulla-repo/demo/training_input/tom_and_jerry_train/segment_112 0 10
/l/users/fathinah.izzati/coco-mulla-repo/demo/training_input/tom_and_jerry_train/segment_113 0 10
/l/users/fathinah.izzati/coco-mulla-repo/demo/training_input/tom_and_jerry_train/segment_114 0 10
/l/users/fathinah.izzati/coco-mulla-repo/demo/training_input/tom_and_jerry_train/segment_115 0 10
/l/users/fathinah.izzati/coco-mulla-repo/demo/training_input/tom_and_jerry_train/segment_116 0 10
/l/users/fathinah.izzati/coco-mulla-repo/demo/training_input/tom_and_jerry_train/segment_117 0 10
/l/users/fathinah.izzati/coco-mulla-repo/demo/training_input/tom_and_jerry_train/segment_118 0 10
/l/users/fathinah.izzati/coco-mulla-repo/demo/training_input/tom_and_jerry_train/segment_119 0 10
/l/users/fathinah.izzati/coco-mulla-repo/demo/training_input/tom_and_jerry_train/segment_120 0 10
/l/users/fathinah.izzati/coco-mulla-repo/demo/training_input/tom_and_jerry_train/segment_121 0 10
/l/users/fathinah.izzati/coco-mulla-repo/demo/training_input/tom_and_jerry_train/segment_122 0 10
/l/users/fathinah.izzati/coco-mulla-repo/demo/training_input/tom_and_jerry_train/segment_123 0 10
/l/users/fathinah.izzati/coco-mulla-repo/demo/training_input/tom_and_jerry_train/segment_124 0 10
/l/users/fathinah.izzati/coco-mulla-repo/demo/training_input/tom_and_jerry_train/segment_125 0 10
/l/users/fathinah.izzati/coco-mulla-repo/demo/training_input/tom_and_jerry_train/segment_126 0 10
/l/users/fathinah.izzati/coco-mulla-repo/demo/training_input/tom_and_jerry_train/segment_127 0 10
/l/users/fathinah.izzati/coco-mulla-repo/demo/training_input/tom_and_jerry_train/segment_128 0 10
/l/users/fathinah.izzati/coco-mulla-repo/demo/training_input/tom_and_jerry_train/segment_129 0 10
/l/users/fathinah.izzati/coco-mulla-repo/demo/training_input/tom_and_jerry_train/segment_130 0 10
/l/users/fathinah.izzati/coco-mulla-repo/demo/training_input/tom_and_jerry_train/segment_131 0 10
/l/users/fathinah.izzati/coco-mulla-repo/demo/training_input/tom_and_jerry_train/segment_132 0 10
/l/users/fathinah.izzati/coco-mulla-repo/demo/training_input/tom_and_jerry_train/segment_133 0 10
/l/users/fathinah.izzati/coco-mulla-repo/demo/training_input/tom_and_jerry_train/segment_134 0 10
/l/users/fathinah.izzati/coco-mulla-repo/demo/training_input/tom_and_jerry_train/segment_135 0 10
/l/users/fathinah.izzati/coco-mulla-repo/demo/training_input/tom_and_jerry_train/segment_136 0 10
/l/users/fathinah.izzati/coco-mulla-repo/demo/training_input/tom_and_jerry_train/segment_137 0 10
/l/users/fathinah.izzati/coco-mulla-repo/demo/training_input/tom_and_jerry_train/segment_138 0 10
/l/users/fathinah.izzati/coco-mulla-repo/demo/training_input/tom_and_jerry_train/segment_139 0 10
/l/users/fathinah.izzati/coco-mulla-repo/demo/training_input/tom_and_jerry_train/segment_140 0 10
/l/users/fathinah.izzati/coco-mulla-repo/demo/training_input/tom_and_jerry_train/segment_141 0 10
/l/users/fathinah.izzati/coco-mulla-repo/demo/training_input/tom_and_jerry_train/segment_142 0 10
/l/users/fathinah.izzati/coco-mulla-repo/demo/training_input/tom_and_jerry_train/segment_143 0 10
/l/users/fathinah.izzati/coco-mulla-repo/demo/training_input/tom_and_jerry_train/segment_144 0 10
/l/users/fathinah.izzati/coco-mulla-repo/demo/training_input/tom_and_jerry_train/segment_145 0 10
/l/users/fathinah.izzati/coco-mulla-repo/demo/training_input/tom_and_jerry_train/segment_146 0 10
/l/users/fathinah.izzati/coco-mulla-repo/demo/training_input/tom_and_jerry_train/segment_147 0 10
/l/users/fathinah.izzati/coco-mulla-repo/demo/training_input/tom_and_jerry_train/segment_148 0 10
/l/users/fathinah.izzati/coco-mulla-repo/demo/training_input/tom_and_jerry_train/segment_149 0 10
/l/users/fathinah.izzati/coco-mulla-repo/demo/training_input/tom_and_jerry_train/segment_150 0 10
/l/users/fathinah.izzati/coco-mulla-repo/demo/training_input/tom_and_jerry_train/segment_151 0 10
/l/users/fathinah.izzati/coco-mulla-repo/demo/training_input/tom_and_jerry_train/segment_152 0 10
/l/users/fathinah.izzati/coco-mulla-repo/demo/training_input/tom_and_jerry_train/segment_153 0 10
/l/users/fathinah.izzati/coco-mulla-repo/demo/training_input/tom_and_jerry_train/segment_154 0 10
/l/users/fathinah.izzati/coco-mulla-repo/demo/training_input/tom_and_jerry_train/segment_155 0 10
/l/users/fathinah.izzati/coco-mulla-repo/demo/training_input/tom_and_jerry_train/segment_156 0 10
/l/users/fathinah.izzati/coco-mulla-repo/demo/training_input/tom_and_jerry_train/segment_157 0 10
/l/users/fathinah.izzati/coco-mulla-repo/demo/training_input/tom_and_jerry_train/segment_158 0 10
/l/users/fathinah.izzati/coco-mulla-repo/demo/training_input/tom_and_jerry_train/segment_159 0 10
/l/users/fathinah.izzati/coco-mulla-repo/demo/training_input/tom_and_jerry_train/segment_160 0 10
/l/users/fathinah.izzati/coco-mulla-repo/demo/training_input/tom_and_jerry_train/segment_161 0 10
/l/users/fathinah.izzati/coco-mulla-repo/demo/training_input/tom_and_jerry_train/segment_162 0 10
/l/users/fathinah.izzati/coco-mulla-repo/demo/training_input/tom_and_jerry_train/segment_163 0 10
/l/users/fathinah.izzati/coco-mulla-repo/demo/training_input/tom_and_jerry_train/segment_164 0 10
/l/users/fathinah.izzati/coco-mulla-repo/demo/training_input/tom_and_jerry_train/segment_165 0 10
/l/users/fathinah.izzati/coco-mulla-repo/demo/training_input/tom_and_jerry_train/segment_166 0 10
/l/users/fathinah.izzati/coco-mulla-repo/demo/training_input/tom_and_jerry_train/segment_167 0 10
/l/users/fathinah.izzati/coco-mulla-repo/demo/training_input/tom_and_jerry_train/segment_168 0 10
/l/users/fathinah.izzati/coco-mulla-repo/demo/training_input/tom_and_jerry_train/segment_169 0 10
/l/users/fathinah.izzati/coco-mulla-repo/demo/training_input/tom_and_jerry_train/segment_170 0 10
/l/users/fathinah.izzati/coco-mulla-repo/demo/training_input/tom_and_jerry_train/segment_171 0 10
/l/users/fathinah.izzati/coco-mulla-repo/demo/training_input/tom_and_jerry_train/segment_172 0 10
/l/users/fathinah.izzati/coco-mulla-repo/demo/training_input/tom_and_jerry_train/segment_173 0 10
/l/users/fathinah.izzati/coco-mulla-repo/demo/training_input/tom_and_jerry_train/segment_174 0 10
/l/users/fathinah.izzati/coco-mulla-repo/demo/training_input/tom_and_jerry_train/segment_175 0 10
/l/users/fathinah.izzati/coco-mulla-repo/demo/training_input/tom_and_jerry_train/segment_176 0 10
/l/users/fathinah.izzati/coco-mulla-repo/demo/training_input/tom_and_jerry_train/segment_177 0 10
/l/users/fathinah.izzati/coco-mulla-repo/demo/training_input/tom_and_jerry_train/segment_178 0 10
/l/users/fathinah.izzati/coco-mulla-repo/demo/training_input/tom_and_jerry_train/segment_179 0 10
/l/users/fathinah.izzati/coco-mulla-repo/demo/training_input/tom_and_jerry_train/segment_180 0 10
/l/users/fathinah.izzati/coco-mulla-repo/demo/training_input/tom_and_jerry_train/segment_181 0 10
/l/users/fathinah.izzati/coco-mulla-repo/demo/training_input/tom_and_jerry_train/segment_182 0 10
/l/users/fathinah.izzati/coco-mulla-repo/demo/training_input/tom_and_jerry_train/segment_183 0 10
/l/users/fathinah.izzati/coco-mulla-repo/demo/training_input/tom_and_jerry_train/segment_184 0 10
/l/users/fathinah.izzati/coco-mulla-repo/demo/training_input/tom_and_jerry_train/segment_185 0 10
/l/users/fathinah.izzati/coco-mulla-repo/demo/training_input/tom_and_jerry_train/segment_186 0 10
/l/users/fathinah.izzati/coco-mulla-repo/demo/training_input/tom_and_jerry_train/segment_187 0 10
/l/users/fathinah.izzati/coco-mulla-repo/demo/training_input/tom_and_jerry_train/segment_188 0 10
/l/users/fathinah.izzati/coco-mulla-repo/demo/training_input/tom_and_jerry_train/segment_189 0 10
/l/users/fathinah.izzati/coco-mulla-repo/demo/training_input/tom_and_jerry_train/segment_190 0 10
/l/users/fathinah.izzati/coco-mulla-repo/demo/training_input/tom_and_jerry_train/segment_191 0 10
/l/users/fathinah.izzati/coco-mulla-repo/demo/training_input/tom_and_jerry_train/segment_192 0 10
/l/users/fathinah.izzati/coco-mulla-repo/demo/training_input/tom_and_jerry_train/segment_193 0 10
/l/users/fathinah.izzati/coco-mulla-repo/demo/training_input/tom_and_jerry_train/segment_194 0 10
/l/users/fathinah.izzati/coco-mulla-repo/demo/training_input/tom_and_jerry_train/segment_195 0 10
/l/users/fathinah.izzati/coco-mulla-repo/demo/training_input/tom_and_jerry_train/segment_196 0 10
/l/users/fathinah.izzati/coco-mulla-repo/demo/training_input/tom_and_jerry_train/segment_197 0 10
/l/users/fathinah.izzati/coco-mulla-repo/demo/training_input/tom_and_jerry_train/segment_198 0 10
/l/users/fathinah.izzati/coco-mulla-repo/demo/training_input/tom_and_jerry_train/segment_199 0 10
/l/users/fathinah.izzati/coco-mulla-repo/demo/training_input/tom_and_jerry_train/segment_200 0 10
/l/users/fathinah.izzati/coco-mulla-repo/demo/training_input/tom_and_jerry_train/segment_201 0 10
/l/users/fathinah.izzati/coco-mulla-repo/demo/training_input/tom_and_jerry_train/segment_202 0 10
/l/users/fathinah.izzati/coco-mulla-repo/demo/training_input/tom_and_jerry_train/segment_203 0 10
/l/users/fathinah.izzati/coco-mulla-repo/demo/training_input/tom_and_jerry_train/segment_204 0 10
/l/users/fathinah.izzati/coco-mulla-repo/demo/training_input/tom_and_jerry_train/segment_205 0 10
/l/users/fathinah.izzati/coco-mulla-repo/demo/training_input/tom_and_jerry_train/segment_206 0 10
/l/users/fathinah.izzati/coco-mulla-repo/demo/training_input/tom_and_jerry_train/segment_207 0 10
/l/users/fathinah.izzati/coco-mulla-repo/demo/training_input/tom_and_jerry_train/segment_208 0 10
/l/users/fathinah.izzati/coco-mulla-repo/demo/training_input/tom_and_jerry_train/segment_209 0 10
/l/users/fathinah.izzati/coco-mulla-repo/demo/training_input/tom_and_jerry_train/segment_210 0 10
/l/users/fathinah.izzati/coco-mulla-repo/demo/training_input/tom_and_jerry_train/segment_211 0 10
/l/users/fathinah.izzati/coco-mulla-repo/demo/training_input/tom_and_jerry_train/segment_212 0 10
/l/users/fathinah.izzati/coco-mulla-repo/demo/training_input/tom_and_jerry_train/segment_213 0 10
/l/users/fathinah.izzati/coco-mulla-repo/demo/training_input/tom_and_jerry_train/segment_214 0 10
/l/users/fathinah.izzati/coco-mulla-repo/demo/training_input/tom_and_jerry_train/segment_215 0 10
/l/users/fathinah.izzati/coco-mulla-repo/demo/training_input/tom_and_jerry_train/segment_216 0 10
/l/users/fathinah.izzati/coco-mulla-repo/demo/training_input/tom_and_jerry_train/segment_217 0 10
/l/users/fathinah.izzati/coco-mulla-repo/demo/training_input/tom_and_jerry_train/segment_218 0 10
/l/users/fathinah.izzati/coco-mulla-repo/demo/training_input/tom_and_jerry_train/segment_219 0 10
/l/users/fathinah.izzati/coco-mulla-repo/demo/training_input/tom_and_jerry_train/segment_220 0 10
/l/users/fathinah.izzati/coco-mulla-repo/demo/training_input/tom_and_jerry_train/segment_221 0 10
/l/users/fathinah.izzati/coco-mulla-repo/demo/training_input/tom_and_jerry_train/segment_222 0 10
/l/users/fathinah.izzati/coco-mulla-repo/demo/training_input/tom_and_jerry_train/segment_223 0 10
/l/users/fathinah.izzati/coco-mulla-repo/demo/training_input/tom_and_jerry_train/segment_224 0 10
/l/users/fathinah.izzati/coco-mulla-repo/demo/training_input/tom_and_jerry_train/segment_225 0 10
/l/users/fathinah.izzati/coco-mulla-repo/demo/training_input/tom_and_jerry_train/segment_226 0 10
/l/users/fathinah.izzati/coco-mulla-repo/demo/training_input/tom_and_jerry_train/segment_227 0 10
/l/users/fathinah.izzati/coco-mulla-repo/demo/training_input/tom_and_jerry_train/segment_228 0 10
/l/users/fathinah.izzati/coco-mulla-repo/demo/training_input/tom_and_jerry_train/segment_229 0 10
/l/users/fathinah.izzati/coco-mulla-repo/demo/training_input/tom_and_jerry_train/segment_230 0 10
/l/users/fathinah.izzati/coco-mulla-repo/demo/training_input/tom_and_jerry_train/segment_231 0 10
/l/users/fathinah.izzati/coco-mulla-repo/demo/training_input/tom_and_jerry_train/segment_232 0 10
/l/users/fathinah.izzati/coco-mulla-repo/demo/training_input/tom_and_jerry_train/segment_233 0 10
/l/users/fathinah.izzati/coco-mulla-repo/demo/training_input/tom_and_jerry_train/segment_234 0 10
/l/users/fathinah.izzati/coco-mulla-repo/demo/training_input/tom_and_jerry_train/segment_235 0 10
/l/users/fathinah.izzati/coco-mulla-repo/demo/training_input/tom_and_jerry_train/segment_236 0 10
/l/users/fathinah.izzati/coco-mulla-repo/demo/training_input/tom_and_jerry_train/segment_237 0 10
/l/users/fathinah.izzati/coco-mulla-repo/demo/training_input/tom_and_jerry_train/segment_238 0 10
/l/users/fathinah.izzati/coco-mulla-repo/demo/training_input/tom_and_jerry_train/segment_239 0 10
/l/users/fathinah.izzati/coco-mulla-repo/demo/training_input/tom_and_jerry_train/segment_240 0 10
/l/users/fathinah.izzati/coco-mulla-repo/demo/training_input/tom_and_jerry_train/segment_241 0 10
/l/users/fathinah.izzati/coco-mulla-repo/demo/training_input/tom_and_jerry_train/segment_242 0 10
/l/users/fathinah.izzati/coco-mulla-repo/demo/training_input/tom_and_jerry_train/segment_243 0 10
/l/users/fathinah.izzati/coco-mulla-repo/demo/training_input/tom_and_jerry_train/segment_244 0 10
/l/users/fathinah.izzati/coco-mulla-repo/demo/training_input/tom_and_jerry_train/segment_245 0 10
/l/users/fathinah.izzati/coco-mulla-repo/demo/training_input/tom_and_jerry_train/segment_246 0 10
/l/users/fathinah.izzati/coco-mulla-repo/demo/training_input/tom_and_jerry_train/segment_247 0 10
/l/users/fathinah.izzati/coco-mulla-repo/demo/training_input/tom_and_jerry_train/segment_248 0 10
/l/users/fathinah.izzati/coco-mulla-repo/demo/training_input/tom_and_jerry_train/segment_249 0 10
/l/users/fathinah.izzati/coco-mulla-repo/demo/training_input/tom_and_jerry_train/segment_250 0 10
/l/users/fathinah.izzati/coco-mulla-repo/demo/training_input/tom_and_jerry_train/segment_251 0 10
/l/users/fathinah.izzati/coco-mulla-repo/demo/training_input/tom_and_jerry_train/segment_252 0 10
/l/users/fathinah.izzati/coco-mulla-repo/demo/training_input/tom_and_jerry_train/segment_253 0 10
/l/users/fathinah.izzati/coco-mulla-repo/demo/training_input/tom_and_jerry_train/segment_254 0 10
/l/users/fathinah.izzati/coco-mulla-repo/demo/training_input/tom_and_jerry_train/segment_255 0 10
/l/users/fathinah.izzati/coco-mulla-repo/demo/training_input/tom_and_jerry_train/segment_256 0 10
/l/users/fathinah.izzati/coco-mulla-repo/demo/training_input/tom_and_jerry_train/segment_257 0 10
/l/users/fathinah.izzati/coco-mulla-repo/demo/training_input/tom_and_jerry_train/segment_258 0 10
/l/users/fathinah.izzati/coco-mulla-repo/demo/training_input/tom_and_jerry_train/segment_259 0 10
/l/users/fathinah.izzati/coco-mulla-repo/demo/training_input/tom_and_jerry_train/segment_260 0 10
/l/users/fathinah.izzati/coco-mulla-repo/demo/training_input/tom_and_jerry_train/segment_261 0 10
/l/users/fathinah.izzati/coco-mulla-repo/demo/training_input/tom_and_jerry_train/segment_262 0 10
/l/users/fathinah.izzati/coco-mulla-repo/demo/training_input/tom_and_jerry_train/segment_263 0 10
/l/users/fathinah.izzati/coco-mulla-repo/demo/training_input/tom_and_jerry_train/segment_264 0 10
/l/users/fathinah.izzati/coco-mulla-repo/demo/training_input/tom_and_jerry_train/segment_265 0 10
/l/users/fathinah.izzati/coco-mulla-repo/demo/training_input/tom_and_jerry_train/segment_266 0 10
/l/users/fathinah.izzati/coco-mulla-repo/demo/training_input/tom_and_jerry_train/segment_267 0 10
/l/users/fathinah.izzati/coco-mulla-repo/demo/training_input/tom_and_jerry_train/segment_268 0 10
/l/users/fathinah.izzati/coco-mulla-repo/demo/training_input/tom_and_jerry_train/segment_269 0 10
/l/users/fathinah.izzati/coco-mulla-repo/demo/training_input/tom_and_jerry_train/segment_270 0 10
/l/users/fathinah.izzati/coco-mulla-repo/demo/training_input/tom_and_jerry_train/segment_271 0 10
/l/users/fathinah.izzati/coco-mulla-repo/demo/training_input/tom_and_jerry_train/segment_272 0 10
/l/users/fathinah.izzati/coco-mulla-repo/demo/training_input/tom_and_jerry_train/segment_273 0 10
/l/users/fathinah.izzati/coco-mulla-repo/demo/training_input/tom_and_jerry_train/segment_274 0 10
/l/users/fathinah.izzati/coco-mulla-repo/demo/training_input/tom_and_jerry_train/segment_275 0 10
/l/users/fathinah.izzati/coco-mulla-repo/demo/training_input/tom_and_jerry_train/segment_276 0 10
/l/users/fathinah.izzati/coco-mulla-repo/demo/training_input/tom_and_jerry_train/segment_277 0 10
/l/users/fathinah.izzati/coco-mulla-repo/demo/training_input/tom_and_jerry_train/segment_278 0 10
/l/users/fathinah.izzati/coco-mulla-repo/demo/training_input/tom_and_jerry_train/segment_279 0 10
/l/users/fathinah.izzati/coco-mulla-repo/demo/training_input/tom_and_jerry_train/segment_280 0 10
/l/users/fathinah.izzati/coco-mulla-repo/demo/training_input/tom_and_jerry_train/segment_281 0 10
/l/users/fathinah.izzati/coco-mulla-repo/demo/training_input/tom_and_jerry_train/segment_282 0 10
/l/users/fathinah.izzati/coco-mulla-repo/demo/training_input/tom_and_jerry_train/segment_283 0 10
/l/users/fathinah.izzati/coco-mulla-repo/demo/training_input/tom_and_jerry_train/segment_284 0 10
/l/users/fathinah.izzati/coco-mulla-repo/demo/training_input/tom_and_jerry_train/segment_285 0 10
/l/users/fathinah.izzati/coco-mulla-repo/demo/training_input/tom_and_jerry_train/segment_286 0 10
/l/users/fathinah.izzati/coco-mulla-repo/demo/training_input/tom_and_jerry_train/segment_287 0 10
/l/users/fathinah.izzati/coco-mulla-repo/demo/training_input/tom_and_jerry_train/segment_288 0 10
/l/users/fathinah.izzati/coco-mulla-repo/demo/training_input/tom_and_jerry_train/segment_289 0 10
/l/users/fathinah.izzati/coco-mulla-repo/demo/training_input/tom_and_jerry_train/segment_290 0 10
/l/users/fathinah.izzati/coco-mulla-repo/demo/training_input/tom_and_jerry_train/segment_291 0 10
/l/users/fathinah.izzati/coco-mulla-repo/demo/training_input/tom_and_jerry_train/segment_292 0 10
/l/users/fathinah.izzati/coco-mulla-repo/demo/training_input/tom_and_jerry_train/segment_293 0 10
/l/users/fathinah.izzati/coco-mulla-repo/demo/training_input/tom_and_jerry_train/segment_294 0 10
/l/users/fathinah.izzati/coco-mulla-repo/demo/training_input/tom_and_jerry_train/segment_295 0 10
/l/users/fathinah.izzati/coco-mulla-repo/demo/training_input/tom_and_jerry_train/segment_296 0 10
/l/users/fathinah.izzati/coco-mulla-repo/demo/training_input/tom_and_jerry_train/segment_297 0 10
/l/users/fathinah.izzati/coco-mulla-repo/demo/training_input/tom_and_jerry_train/segment_298 0 10
/l/users/fathinah.izzati/coco-mulla-repo/demo/training_input/tom_and_jerry_train/segment_299 0 10
/l/users/fathinah.izzati/coco-mulla-repo/demo/training_input/tom_and_jerry_train/segment_300 0 10
/l/users/fathinah.izzati/coco-mulla-repo/demo/training_input/tom_and_jerry_train/segment_301 0 10
/l/users/fathinah.izzati/coco-mulla-repo/demo/training_input/tom_and_jerry_train/segment_302 0 10
/l/users/fathinah.izzati/coco-mulla-repo/demo/training_input/tom_and_jerry_train/segment_303 0 10
/l/users/fathinah.izzati/coco-mulla-repo/demo/training_input/tom_and_jerry_train/segment_304 0 10
/l/users/fathinah.izzati/coco-mulla-repo/demo/training_input/tom_and_jerry_train/segment_305 0 10
/l/users/fathinah.izzati/coco-mulla-repo/demo/training_input/tom_and_jerry_train/segment_306 0 10
/l/users/fathinah.izzati/coco-mulla-repo/demo/training_input/tom_and_jerry_train/segment_307 0 10
/l/users/fathinah.izzati/coco-mulla-repo/demo/training_input/tom_and_jerry_train/segment_308 0 10
/l/users/fathinah.izzati/coco-mulla-repo/demo/training_input/tom_and_jerry_train/segment_309 0 10
/l/users/fathinah.izzati/coco-mulla-repo/demo/training_input/tom_and_jerry_train/segment_310 0 10
/l/users/fathinah.izzati/coco-mulla-repo/demo/training_input/tom_and_jerry_train/segment_311 0 10
/l/users/fathinah.izzati/coco-mulla-repo/demo/training_input/tom_and_jerry_train/segment_312 0 10
/l/users/fathinah.izzati/coco-mulla-repo/demo/training_input/tom_and_jerry_train/segment_313 0 10
/l/users/fathinah.izzati/coco-mulla-repo/demo/training_input/tom_and_jerry_train/segment_314 0 10
/l/users/fathinah.izzati/coco-mulla-repo/demo/training_input/tom_and_jerry_train/segment_315 0 10
/l/users/fathinah.izzati/coco-mulla-repo/demo/training_input/tom_and_jerry_train/segment_316 0 10
/l/users/fathinah.izzati/coco-mulla-repo/demo/training_input/tom_and_jerry_train/segment_317 0 10
/l/users/fathinah.izzati/coco-mulla-repo/demo/training_input/tom_and_jerry_train/segment_318 0 10
/l/users/fathinah.izzati/coco-mulla-repo/demo/training_input/tom_and_jerry_train/segment_319 0 10
/l/users/fathinah.izzati/coco-mulla-repo/demo/training_input/tom_and_jerry_train/segment_320 0 10
/l/users/fathinah.izzati/coco-mulla-repo/demo/training_input/tom_and_jerry_train/segment_321 0 10
/l/users/fathinah.izzati/coco-mulla-repo/demo/training_input/tom_and_jerry_train/segment_322 0 10
/l/users/fathinah.izzati/coco-mulla-repo/demo/training_input/tom_and_jerry_train/segment_323 0 10
/l/users/fathinah.izzati/coco-mulla-repo/demo/training_input/tom_and_jerry_train/segment_324 0 10
/l/users/fathinah.izzati/coco-mulla-repo/demo/training_input/tom_and_jerry_train/segment_325 0 10
/l/users/fathinah.izzati/coco-mulla-repo/demo/training_input/tom_and_jerry_train/segment_326 0 10
/l/users/fathinah.izzati/coco-mulla-repo/demo/training_input/tom_and_jerry_train/segment_327 0 10
/l/users/fathinah.izzati/coco-mulla-repo/demo/training_input/tom_and_jerry_train/segment_328 0 10
/l/users/fathinah.izzati/coco-mulla-repo/demo/training_input/tom_and_jerry_train/segment_329 0 10
/l/users/fathinah.izzati/coco-mulla-repo/demo/training_input/tom_and_jerry_train/segment_330 0 10
/l/users/fathinah.izzati/coco-mulla-repo/demo/training_input/tom_and_jerry_train/segment_331 0 10
/l/users/fathinah.izzati/coco-mulla-repo/demo/training_input/tom_and_jerry_train/segment_332 0 10
/l/users/fathinah.izzati/coco-mulla-repo/demo/training_input/tom_and_jerry_train/segment_333 0 10
/l/users/fathinah.izzati/coco-mulla-repo/demo/training_input/tom_and_jerry_train/segment_334 0 10
/l/users/fathinah.izzati/coco-mulla-repo/demo/training_input/tom_and_jerry_train/segment_335 0 10
/l/users/fathinah.izzati/coco-mulla-repo/demo/training_input/tom_and_jerry_train/segment_336 0 10
/l/users/fathinah.izzati/coco-mulla-repo/demo/training_input/tom_and_jerry_train/segment_337 0 10
/l/users/fathinah.izzati/coco-mulla-repo/demo/training_input/tom_and_jerry_train/segment_338 0 10
/l/users/fathinah.izzati/coco-mulla-repo/demo/training_input/tom_and_jerry_train/segment_339 0 10
/l/users/fathinah.izzati/coco-mulla-repo/demo/training_input/tom_and_jerry_train/segment_340 0 10
/l/users/fathinah.izzati/coco-mulla-repo/demo/training_input/tom_and_jerry_train/segment_341 0 10
/l/users/fathinah.izzati/coco-mulla-repo/demo/training_input/tom_and_jerry_train/segment_342 0 10
/l/users/fathinah.izzati/coco-mulla-repo/demo/training_input/tom_and_jerry_train/segment_343 0 10
/l/users/fathinah.izzati/coco-mulla-repo/demo/training_input/tom_and_jerry_train/segment_344 0 10
/l/users/fathinah.izzati/coco-mulla-repo/demo/training_input/tom_and_jerry_train/segment_345 0 10
/l/users/fathinah.izzati/coco-mulla-repo/demo/training_input/tom_and_jerry_train/segment_346 0 10
/l/users/fathinah.izzati/coco-mulla-repo/demo/training_input/tom_and_jerry_train/segment_347 0 10
/l/users/fathinah.izzati/coco-mulla-repo/demo/training_input/tom_and_jerry_train/segment_348 0 10
/l/users/fathinah.izzati/coco-mulla-repo/demo/training_input/tom_and_jerry_train/segment_349 0 10
/l/users/fathinah.izzati/coco-mulla-repo/demo/training_input/tom_and_jerry_train/segment_350 0 10
/l/users/fathinah.izzati/coco-mulla-repo/demo/training_input/tom_and_jerry_train/segment_351 0 10
/l/users/fathinah.izzati/coco-mulla-repo/demo/training_input/tom_and_jerry_train/segment_352 0 10
/l/users/fathinah.izzati/coco-mulla-repo/demo/training_input/tom_and_jerry_train/segment_353 0 10
/l/users/fathinah.izzati/coco-mulla-repo/demo/training_input/tom_and_jerry_train/segment_354 0 10
/l/users/fathinah.izzati/coco-mulla-repo/demo/training_input/tom_and_jerry_train/segment_355 0 10
/l/users/fathinah.izzati/coco-mulla-repo/demo/training_input/tom_and_jerry_train/segment_356 0 10
/l/users/fathinah.izzati/coco-mulla-repo/demo/training_input/tom_and_jerry_train/segment_357 0 10
/l/users/fathinah.izzati/coco-mulla-repo/demo/training_input/tom_and_jerry_train/segment_358 0 10
/l/users/fathinah.izzati/coco-mulla-repo/demo/training_input/tom_and_jerry_train/segment_359 0 10
/l/users/fathinah.izzati/coco-mulla-repo/demo/training_input/tom_and_jerry_train/segment_360 0 10
/l/users/fathinah.izzati/coco-mulla-repo/demo/training_input/tom_and_jerry_train/segment_361 0 10
/l/users/fathinah.izzati/coco-mulla-repo/demo/training_input/tom_and_jerry_train/segment_362 0 10
/l/users/fathinah.izzati/coco-mulla-repo/demo/training_input/tom_and_jerry_train/segment_363 0 10
/l/users/fathinah.izzati/coco-mulla-repo/demo/training_input/tom_and_jerry_train/segment_364 0 10
/l/users/fathinah.izzati/coco-mulla-repo/demo/training_input/tom_and_jerry_train/segment_365 0 10
/l/users/fathinah.izzati/coco-mulla-repo/demo/training_input/tom_and_jerry_train/segment_366 0 10
/l/users/fathinah.izzati/coco-mulla-repo/demo/training_input/tom_and_jerry_train/segment_367 0 10
/l/users/fathinah.izzati/coco-mulla-repo/demo/training_input/tom_and_jerry_train/segment_368 0 10
/l/users/fathinah.izzati/coco-mulla-repo/demo/training_input/tom_and_jerry_train/segment_369 0 10
/l/users/fathinah.izzati/coco-mulla-repo/demo/training_input/tom_and_jerry_train/segment_370 0 10
/l/users/fathinah.izzati/coco-mulla-repo/demo/training_input/tom_and_jerry_train/segment_371 0 10
/l/users/fathinah.izzati/coco-mulla-repo/demo/training_input/tom_and_jerry_train/segment_372 0 10
/l/users/fathinah.izzati/coco-mulla-repo/demo/training_input/tom_and_jerry_train/segment_373 0 10
/l/users/fathinah.izzati/coco-mulla-repo/demo/training_input/tom_and_jerry_train/segment_374 0 10
/l/users/fathinah.izzati/coco-mulla-repo/demo/training_input/tom_and_jerry_train/segment_375 0 10
/l/users/fathinah.izzati/coco-mulla-repo/demo/training_input/tom_and_jerry_train/segment_376 0 10
/l/users/fathinah.izzati/coco-mulla-repo/demo/training_input/tom_and_jerry_train/segment_377 0 10
/l/users/fathinah.izzati/coco-mulla-repo/demo/training_input/tom_and_jerry_train/segment_378 0 10
/l/users/fathinah.izzati/coco-mulla-repo/demo/training_input/tom_and_jerry_train/segment_379 0 10
/l/users/fathinah.izzati/coco-mulla-repo/demo/training_input/tom_and_jerry_train/segment_380 0 10
/l/users/fathinah.izzati/coco-mulla-repo/demo/training_input/tom_and_jerry_train/segment_381 0 10
/l/users/fathinah.izzati/coco-mulla-repo/demo/training_input/tom_and_jerry_train/segment_382 0 10
/l/users/fathinah.izzati/coco-mulla-repo/demo/training_input/tom_and_jerry_train/segment_383 0 10
/l/users/fathinah.izzati/coco-mulla-repo/demo/training_input/tom_and_jerry_train/segment_384 0 10
/l/users/fathinah.izzati/coco-mulla-repo/demo/training_input/tom_and_jerry_train/segment_385 0 10
/l/users/fathinah.izzati/coco-mulla-repo/demo/training_input/tom_and_jerry_train/segment_386 0 10
/l/users/fathinah.izzati/coco-mulla-repo/demo/training_input/tom_and_jerry_train/segment_387 0 10
/l/users/fathinah.izzati/coco-mulla-repo/demo/training_input/tom_and_jerry_train/segment_388 0 10
/l/users/fathinah.izzati/coco-mulla-repo/demo/training_input/tom_and_jerry_train/segment_389 0 10
/l/users/fathinah.izzati/coco-mulla-repo/demo/training_input/tom_and_jerry_train/segment_390 0 10
/l/users/fathinah.izzati/coco-mulla-repo/demo/training_input/tom_and_jerry_train/segment_391 0 10
/l/users/fathinah.izzati/coco-mulla-repo/demo/training_input/tom_and_jerry_train/segment_392 0 10
/l/users/fathinah.izzati/coco-mulla-repo/demo/training_input/tom_and_jerry_train/segment_393 0 10
/l/users/fathinah.izzati/coco-mulla-repo/demo/training_input/tom_and_jerry_train/segment_394 0 10
/l/users/fathinah.izzati/coco-mulla-repo/demo/training_input/tom_and_jerry_train/segment_395 0 10
/l/users/fathinah.izzati/coco-mulla-repo/demo/training_input/tom_and_jerry_train/segment_396 0 10
/l/users/fathinah.izzati/coco-mulla-repo/demo/training_input/tom_and_jerry_train/segment_397 0 10
/l/users/fathinah.izzati/coco-mulla-repo/demo/training_input/tom_and_jerry_train/segment_398 0 10
/l/users/fathinah.izzati/coco-mulla-repo/demo/training_input/tom_and_jerry_train/segment_399 0 10
/l/users/fathinah.izzati/coco-mulla-repo/demo/training_input/tom_and_jerry_train/segment_400 0 10
/l/users/fathinah.izzati/coco-mulla-repo/demo/training_input/tom_and_jerry_train/segment_401 0 10
/l/users/fathinah.izzati/coco-mulla-repo/demo/training_input/tom_and_jerry_train/segment_402 0 10
/l/users/fathinah.izzati/coco-mulla-repo/demo/training_input/tom_and_jerry_train/segment_403 0 10
/l/users/fathinah.izzati/coco-mulla-repo/demo/training_input/tom_and_jerry_train/segment_404 0 10
/l/users/fathinah.izzati/coco-mulla-repo/demo/training_input/tom_and_jerry_train/segment_405 0 10
/l/users/fathinah.izzati/coco-mulla-repo/demo/training_input/tom_and_jerry_train/segment_406 0 10
/l/users/fathinah.izzati/coco-mulla-repo/demo/training_input/tom_and_jerry_train/segment_407 0 10
/l/users/fathinah.izzati/coco-mulla-repo/demo/training_input/tom_and_jerry_train/segment_408 0 10
/l/users/fathinah.izzati/coco-mulla-repo/demo/training_input/tom_and_jerry_train/segment_409 0 10
/l/users/fathinah.izzati/coco-mulla-repo/demo/training_input/tom_and_jerry_train/segment_410 0 10
/l/users/fathinah.izzati/coco-mulla-repo/demo/training_input/tom_and_jerry_train/segment_411 0 10
/l/users/fathinah.izzati/coco-mulla-repo/demo/training_input/tom_and_jerry_train/segment_412 0 10
/l/users/fathinah.izzati/coco-mulla-repo/demo/training_input/tom_and_jerry_train/segment_413 0 10
/l/users/fathinah.izzati/coco-mulla-repo/demo/training_input/tom_and_jerry_train/segment_414 0 10
/l/users/fathinah.izzati/coco-mulla-repo/demo/training_input/tom_and_jerry_train/segment_415 0 10
/l/users/fathinah.izzati/coco-mulla-repo/demo/training_input/tom_and_jerry_train/segment_416 0 10
/l/users/fathinah.izzati/coco-mulla-repo/demo/training_input/tom_and_jerry_train/segment_417 0 10
/l/users/fathinah.izzati/coco-mulla-repo/demo/training_input/tom_and_jerry_train/segment_418 0 10
/l/users/fathinah.izzati/coco-mulla-repo/demo/training_input/tom_and_jerry_train/segment_419 0 10
/l/users/fathinah.izzati/coco-mulla-repo/demo/training_input/tom_and_jerry_train/segment_420 0 10
/l/users/fathinah.izzati/coco-mulla-repo/demo/training_input/tom_and_jerry_train/segment_421 0 10
/l/users/fathinah.izzati/coco-mulla-repo/demo/training_input/tom_and_jerry_train/segment_422 0 10
/l/users/fathinah.izzati/coco-mulla-repo/demo/training_input/tom_and_jerry_train/segment_423 0 10
/l/users/fathinah.izzati/coco-mulla-repo/demo/training_input/tom_and_jerry_train/segment_424 0 10
/l/users/fathinah.izzati/coco-mulla-repo/demo/training_input/tom_and_jerry_train/segment_425 0 10
/l/users/fathinah.izzati/coco-mulla-repo/demo/training_input/tom_and_jerry_train/segment_426 0 10
/l/users/fathinah.izzati/coco-mulla-repo/demo/training_input/tom_and_jerry_train/segment_427 0 10
/l/users/fathinah.izzati/coco-mulla-repo/demo/training_input/tom_and_jerry_train/segment_428 0 10
/l/users/fathinah.izzati/coco-mulla-repo/demo/training_input/tom_and_jerry_train/segment_429 0 10
/l/users/fathinah.izzati/coco-mulla-repo/demo/training_input/tom_and_jerry_train/segment_430 0 10
/l/users/fathinah.izzati/coco-mulla-repo/demo/training_input/tom_and_jerry_train/segment_431 0 10
/l/users/fathinah.izzati/coco-mulla-repo/demo/training_input/tom_and_jerry_train/segment_432 0 10
/l/users/fathinah.izzati/coco-mulla-repo/demo/training_input/tom_and_jerry_train/segment_433 0 10
/l/users/fathinah.izzati/coco-mulla-repo/demo/training_input/tom_and_jerry_train/segment_434 0 10
/l/users/fathinah.izzati/coco-mulla-repo/demo/training_input/tom_and_jerry_train/segment_435 0 10
/l/users/fathinah.izzati/coco-mulla-repo/demo/training_input/tom_and_jerry_train/segment_436 0 10
/l/users/fathinah.izzati/coco-mulla-repo/demo/training_input/tom_and_jerry_train/segment_437 0 10
/l/users/fathinah.izzati/coco-mulla-repo/demo/training_input/tom_and_jerry_train/segment_438 0 10
/l/users/fathinah.izzati/coco-mulla-repo/demo/training_input/tom_and_jerry_train/segment_439 0 10
/l/users/fathinah.izzati/coco-mulla-repo/demo/training_input/tom_and_jerry_train/segment_440 0 10
/l/users/fathinah.izzati/coco-mulla-repo/demo/training_input/tom_and_jerry_train/segment_441 0 10
/l/users/fathinah.izzati/coco-mulla-repo/demo/training_input/tom_and_jerry_train/segment_442 0 10
/l/users/fathinah.izzati/coco-mulla-repo/demo/training_input/tom_and_jerry_train/segment_443 0 10
/l/users/fathinah.izzati/coco-mulla-repo/demo/training_input/tom_and_jerry_train/segment_444 0 10
/l/users/fathinah.izzati/coco-mulla-repo/demo/training_input/tom_and_jerry_train/segment_445 0 10
/l/users/fathinah.izzati/coco-mulla-repo/demo/training_input/tom_and_jerry_train/segment_446 0 10
/l/users/fathinah.izzati/coco-mulla-repo/demo/training_input/tom_and_jerry_train/segment_447 0 10
/l/users/fathinah.izzati/coco-mulla-repo/demo/training_input/tom_and_jerry_train/segment_448 0 10
/l/users/fathinah.izzati/coco-mulla-repo/demo/training_input/tom_and_jerry_train/segment_449 0 10
/l/users/fathinah.izzati/coco-mulla-repo/demo/training_input/tom_and_jerry_train/segment_450 0 10
/l/users/fathinah.izzati/coco-mulla-repo/demo/training_input/tom_and_jerry_train/segment_451 0 10
/l/users/fathinah.izzati/coco-mulla-repo/demo/training_input/tom_and_jerry_train/segment_452 0 10
/l/users/fathinah.izzati/coco-mulla-repo/demo/training_input/tom_and_jerry_train/segment_453 0 10
/l/users/fathinah.izzati/coco-mulla-repo/demo/training_input/tom_and_jerry_train/segment_454 0 10
/l/users/fathinah.izzati/coco-mulla-repo/demo/training_input/tom_and_jerry_train/segment_455 0 10
/l/users/fathinah.izzati/coco-mulla-repo/demo/training_input/tom_and_jerry_train/segment_456 0 10
/l/users/fathinah.izzati/coco-mulla-repo/demo/training_input/tom_and_jerry_train/segment_457 0 10
/l/users/fathinah.izzati/coco-mulla-repo/demo/training_input/tom_and_jerry_train/segment_458 0 10
/l/users/fathinah.izzati/coco-mulla-repo/demo/training_input/tom_and_jerry_train/segment_459 0 10
/l/users/fathinah.izzati/coco-mulla-repo/demo/training_input/tom_and_jerry_train/segment_460 0 10
/l/users/fathinah.izzati/coco-mulla-repo/demo/training_input/tom_and_jerry_train/segment_461 0 10
/l/users/fathinah.izzati/coco-mulla-repo/demo/training_input/tom_and_jerry_train/segment_462 0 10
/l/users/fathinah.izzati/coco-mulla-repo/demo/training_input/tom_and_jerry_train/segment_463 0 10
/l/users/fathinah.izzati/coco-mulla-repo/demo/training_input/tom_and_jerry_train/segment_464 0 10
/l/users/fathinah.izzati/coco-mulla-repo/demo/training_input/tom_and_jerry_train/segment_465 0 10
/l/users/fathinah.izzati/coco-mulla-repo/demo/training_input/tom_and_jerry_train/segment_466 0 10
/l/users/fathinah.izzati/coco-mulla-repo/demo/training_input/tom_and_jerry_train/segment_467 0 10
/l/users/fathinah.izzati/coco-mulla-repo/demo/training_input/tom_and_jerry_train/segment_468 0 10
/l/users/fathinah.izzati/coco-mulla-repo/demo/training_input/tom_and_jerry_train/segment_469 0 10
/l/users/fathinah.izzati/coco-mulla-repo/demo/training_input/tom_and_jerry_train/segment_470 0 10
/l/users/fathinah.izzati/coco-mulla-repo/demo/training_input/tom_and_jerry_train/segment_471 0 10
/l/users/fathinah.izzati/coco-mulla-repo/demo/training_input/tom_and_jerry_train/segment_472 0 10
/l/users/fathinah.izzati/coco-mulla-repo/demo/training_input/tom_and_jerry_train/segment_473 0 10
/l/users/fathinah.izzati/coco-mulla-repo/demo/training_input/tom_and_jerry_train/segment_474 0 10
/l/users/fathinah.izzati/coco-mulla-repo/demo/training_input/tom_and_jerry_train/segment_475 0 10
/l/users/fathinah.izzati/coco-mulla-repo/demo/training_input/tom_and_jerry_train/segment_476 0 10
/l/users/fathinah.izzati/coco-mulla-repo/demo/training_input/tom_and_jerry_train/segment_477 0 10
/l/users/fathinah.izzati/coco-mulla-repo/demo/training_input/tom_and_jerry_train/segment_478 0 10
/l/users/fathinah.izzati/coco-mulla-repo/demo/training_input/tom_and_jerry_train/segment_479 0 10
/l/users/fathinah.izzati/coco-mulla-repo/demo/training_input/tom_and_jerry_train/segment_480 0 10
/l/users/fathinah.izzati/coco-mulla-repo/demo/training_input/tom_and_jerry_train/segment_481 0 10
/l/users/fathinah.izzati/coco-mulla-repo/demo/training_input/tom_and_jerry_train/segment_482 0 10
/l/users/fathinah.izzati/coco-mulla-repo/demo/training_input/tom_and_jerry_train/segment_483 0 10
/l/users/fathinah.izzati/coco-mulla-repo/demo/training_input/tom_and_jerry_train/segment_484 0 10
/l/users/fathinah.izzati/coco-mulla-repo/demo/training_input/tom_and_jerry_train/segment_485 0 10
/l/users/fathinah.izzati/coco-mulla-repo/demo/training_input/tom_and_jerry_train/segment_486 0 10
/l/users/fathinah.izzati/coco-mulla-repo/demo/training_input/tom_and_jerry_train/segment_487 0 10
/l/users/fathinah.izzati/coco-mulla-repo/demo/training_input/tom_and_jerry_train/segment_488 0 10
/l/users/fathinah.izzati/coco-mulla-repo/demo/training_input/tom_and_jerry_train/segment_489 0 10
/l/users/fathinah.izzati/coco-mulla-repo/demo/training_input/tom_and_jerry_train/segment_490 0 10
/l/users/fathinah.izzati/coco-mulla-repo/demo/training_input/tom_and_jerry_train/segment_491 0 10
/l/users/fathinah.izzati/coco-mulla-repo/demo/training_input/tom_and_jerry_train/segment_492 0 10
/l/users/fathinah.izzati/coco-mulla-repo/demo/training_input/tom_and_jerry_train/segment_493 0 10
/l/users/fathinah.izzati/coco-mulla-repo/demo/training_input/tom_and_jerry_train/segment_494 0 10
/l/users/fathinah.izzati/coco-mulla-repo/demo/training_input/tom_and_jerry_train/segment_495 0 10
/l/users/fathinah.izzati/coco-mulla-repo/demo/training_input/tom_and_jerry_train/segment_496 0 10
/l/users/fathinah.izzati/coco-mulla-repo/demo/training_input/tom_and_jerry_train/segment_497 0 10
/l/users/fathinah.izzati/coco-mulla-repo/demo/training_input/tom_and_jerry_train/segment_498 0 10
/l/users/fathinah.izzati/coco-mulla-repo/demo/training_input/tom_and_jerry_train/segment_499 0 10
/l/users/fathinah.izzati/coco-mulla-repo/demo/training_input/tom_and_jerry_train/segment_500 0 10
